../Core/Src/main.c:94:5:main	8	static
../Core/Src/main.c:182:6:SystemClock_Config	88	static
../Core/Src/main.c:230:13:MX_TIM2_Init	48	static
../Core/Src/main.c:279:13:MX_TIM3_Init	64	static
../Core/Src/main.c:338:13:MX_GPIO_Init	48	static
../Core/Src/main.c:391:6:StartBlink01	16	static
../Core/Src/main.c:412:6:StartMotorTest01	16	static
../Core/Src/main.c:442:6:StartServoTest01	32	static
../Core/Src/main.c:488:6:HAL_TIM_PeriodElapsedCallback	16	static
../Core/Src/main.c:506:6:Error_Handler	4	static,ignoring_inline_asm
