../Core/Src/main.c:106:5:main	8	static
../Core/Src/main.c:198:6:SystemClock_Config	88	static
../Core/Src/main.c:246:13:MX_I2C1_Init	8	static
../Core/Src/main.c:280:13:MX_TIM2_Init	48	static
../Core/Src/main.c:329:13:MX_TIM3_Init	64	static
../Core/Src/main.c:388:13:MX_GPIO_Init	48	static
../Core/Src/main.c:441:6:StartBlink01	16	static
../Core/Src/main.c:462:6:StartMotorTest01	16	static
../Core/Src/main.c:492:6:StartServoTest01	32	static
../Core/Src/main.c:541:6:StartOledDisplay01	24	static
../Core/Src/main.c:580:6:HAL_TIM_PeriodElapsedCallback	16	static
../Core/Src/main.c:598:6:Error_Handler	4	static,ignoring_inline_asm
